\BOOKMARK [0][-]{chapter.1}{\376\377\000V\000I\000A\145\317\121\103\175\040}{}% 1
\BOOKMARK [1][-]{section.1.1}{\376\377\154\047\123\312\121\166\123\026\124\010\162\151}{chapter.1}% 2
\BOOKMARK [2][-]{subsection.1.1.1}{\376\377\123\125\215\050\154\047}{section.1.1}% 3
\BOOKMARK [2][-]{subsection.1.1.2}{\376\377\000-\0002\154\047\123\026\140\001\000:\154\064\000\040\000H\0002\000O}{section.1.1}% 4
\BOOKMARK [2][-]{subsection.1.1.3}{\376\377\000-\0001\154\047\123\026\140\001\000:\217\307\154\047\123\026\154\042\000\040\000H\0002\000O\0002}{section.1.1}% 5
\BOOKMARK [2][-]{subsection.1.1.4}{\376\377\153\143\154\047\123\026\140\001\000:\154\047\166\204\154\037\123\026\162\151}{section.1.1}% 6
\BOOKMARK [2][-]{subsection.1.1.5}{\376\377\131\015\147\102\116\367\140\001\166\204\124\053\154\047\226\064\171\273\133\120}{section.1.1}% 7
\BOOKMARK [1][-]{section.1.2}{\376\377\170\153\123\312\121\166\123\026\124\010\162\151}{chapter.1}% 8
\BOOKMARK [2][-]{subsection.1.2.1}{\376\377\123\125\215\050\170\153}{section.1.2}% 9
\BOOKMARK [2][-]{subsection.1.2.2}{\376\377\170\153\166\204\154\042\123\026\162\151\124\214\221\321\134\136\170\153\123\026\162\151}{section.1.2}% 10
\BOOKMARK [2][-]{subsection.1.2.3}{\376\377\131\032\170\153\226\064\171\273\133\120\116\016\226\064\171\273\133\120\201\352\165\061\127\372}{section.1.2}% 11
\BOOKMARK [2][-]{subsection.1.2.4}{\376\377\170\153\166\204\154\047\123\026\162\151}{section.1.2}% 12
\BOOKMARK [2][-]{subsection.1.2.5}{\376\377\170\153\166\204\124\053\154\047\221\170}{section.1.2}% 13
\BOOKMARK [2][-]{subsection.1.2.6}{\376\377\170\153\166\204\123\144\123\026\162\151\116\016\123\144\154\047\123\026\162\151}{section.1.2}% 14
\BOOKMARK [2][-]{subsection.1.2.7}{\376\377\170\153\166\204\154\056\123\026\162\151}{section.1.2}% 15
\BOOKMARK [2][-]{subsection.1.2.8}{\376\377\170\153\166\204\131\032\123\237\133\120\226\063\171\273\133\120}{section.1.2}% 16
\BOOKMARK [1][-]{section.1.3}{\376\377\170\122\000,\170\262\123\312\121\166\123\026\124\010\162\151}{chapter.1}% 17
\BOOKMARK [2][-]{subsection.1.3.1}{\376\377\170\122\000,\170\262\166\204\123\125\215\050}{section.1.3}% 18
\BOOKMARK [2][-]{subsection.1.3.2}{\376\377\000S\000,\000S\000e\000,\000T\000e\166\204\131\032\123\237\133\120\226\063\171\273\133\120}{section.1.3}% 19
\BOOKMARK [2][-]{subsection.1.3.3}{\376\377\000S\000e\000,\000T\000e\166\204\123\144\123\026\162\151}{section.1.3}% 20
\BOOKMARK [2][-]{subsection.1.3.4}{\376\377\000S\000e\000,\000T\000e\166\204\154\042\123\026\162\151}{section.1.3}% 21
\BOOKMARK [2][-]{subsection.1.3.5}{\376\377\000S\000e\000,\000T\000e\166\204\000+\0004\116\367\123\026\124\010\162\151\000:\154\047\123\026\162\151\124\214\124\053\154\047\221\170}{section.1.3}% 22
\BOOKMARK [2][-]{subsection.1.3.6}{\376\377\000S\000e\000,\000T\000e\166\204\000+\0006\116\367\123\026\124\010\162\151\000:\154\047\123\026\162\151\124\214\124\053\154\047\221\170}{section.1.3}% 23
